#-----------------------------------------------------------
# Webtalk v2020.1 (64-bit)
# SW Build 2902540 on Wed May 27 19:54:35 MDT 2020
# IP Build 2902112 on Wed May 27 22:43:36 MDT 2020
# Start of session at: Sun Oct 11 13:57:39 2020
# Process ID: 26298
# Current directory: /home/nowi74/cpuex2020_1/fib/core/vivado_prj/mips_processor/mips_processor.sim/sim_1/behav/xsim
# Command line: wbtcv -mode batch -source /home/nowi74/cpuex2020_1/fib/core/vivado_prj/mips_processor/mips_processor.sim/sim_1/behav/xsim/xsim.dir/single_fib_wrapper_behav/webtalk/xsim_webtalk.tcl -notrace
# Log file: /home/nowi74/cpuex2020_1/fib/core/vivado_prj/mips_processor/mips_processor.sim/sim_1/behav/xsim/webtalk.log
# Journal file: /home/nowi74/cpuex2020_1/fib/core/vivado_prj/mips_processor/mips_processor.sim/sim_1/behav/xsim/webtalk.jou
#-----------------------------------------------------------
source /home/nowi74/cpuex2020_1/fib/core/vivado_prj/mips_processor/mips_processor.sim/sim_1/behav/xsim/xsim.dir/single_fib_wrapper_behav/webtalk/xsim_webtalk.tcl -notrace
